Archive member included to satisfy reference by file (symbol)

d:/imt/imt tools/sdk/imt_sdk_win_64/winarm/armgcc/bin/../lib/gcc/arm-none-eabi/7.2.1/thumb/v7e-m\libgcc.a(_arm_addsubsf3.o)
                              ./src/HAL/ULTRASONIC/ULTRASONIC.o (__aeabi_ui2f)
d:/imt/imt tools/sdk/imt_sdk_win_64/winarm/armgcc/bin/../lib/gcc/arm-none-eabi/7.2.1/thumb/v7e-m\libgcc.a(_arm_muldivsf3.o)
                              ./src/HAL/ULTRASONIC/ULTRASONIC.o (__aeabi_fmul)
d:/imt/imt tools/sdk/imt_sdk_win_64/winarm/armgcc/bin/../lib/gcc/arm-none-eabi/7.2.1/thumb/v7e-m\libgcc.a(_arm_fixunssfsi.o)
                              ./src/HAL/ULTRASONIC/ULTRASONIC.o (__aeabi_f2uiz)
d:/imt/imt tools/sdk/imt_sdk_win_64/winarm/armgcc/bin/../lib/gcc/arm-none-eabi/7.2.1/../../../../arm-none-eabi/lib/thumb/v7e-m\libg_nano.a(lib_a-errno.o)
                              ./system/src/newlib/_sbrk.o (__errno)
d:/imt/imt tools/sdk/imt_sdk_win_64/winarm/armgcc/bin/../lib/gcc/arm-none-eabi/7.2.1/../../../../arm-none-eabi/lib/thumb/v7e-m\libg_nano.a(lib_a-impure.o)
                              d:/imt/imt tools/sdk/imt_sdk_win_64/winarm/armgcc/bin/../lib/gcc/arm-none-eabi/7.2.1/../../../../arm-none-eabi/lib/thumb/v7e-m\libg_nano.a(lib_a-errno.o) (_impure_ptr)
d:/imt/imt tools/sdk/imt_sdk_win_64/winarm/armgcc/bin/../lib/gcc/arm-none-eabi/7.2.1/../../../../arm-none-eabi/lib/thumb/v7e-m\libg_nano.a(lib_a-itoa.o)
                              ./src/HAL/LCD/LCD.o (itoa)
d:/imt/imt tools/sdk/imt_sdk_win_64/winarm/armgcc/bin/../lib/gcc/arm-none-eabi/7.2.1/../../../../arm-none-eabi/lib/thumb/v7e-m\libg_nano.a(lib_a-strlen.o)
                              ./system/src/diag/Trace.o (strlen)
d:/imt/imt tools/sdk/imt_sdk_win_64/winarm/armgcc/bin/../lib/gcc/arm-none-eabi/7.2.1/../../../../arm-none-eabi/lib/thumb/v7e-m\libg_nano.a(lib_a-utoa.o)
                              d:/imt/imt tools/sdk/imt_sdk_win_64/winarm/armgcc/bin/../lib/gcc/arm-none-eabi/7.2.1/../../../../arm-none-eabi/lib/thumb/v7e-m\libg_nano.a(lib_a-itoa.o) (__utoa)
d:/imt/imt tools/sdk/imt_sdk_win_64/winarm/armgcc/bin/../lib/gcc/arm-none-eabi/7.2.1/../../../../arm-none-eabi/lib/thumb/v7e-m\libg_nano.a(lib_a-vsnprintf.o)
                              ./system/src/diag/Trace.o (vsnprintf)
d:/imt/imt tools/sdk/imt_sdk_win_64/winarm/armgcc/bin/../lib/gcc/arm-none-eabi/7.2.1/../../../../arm-none-eabi/lib/thumb/v7e-m\libg_nano.a(lib_a-nano-svfprintf.o)
                              d:/imt/imt tools/sdk/imt_sdk_win_64/winarm/armgcc/bin/../lib/gcc/arm-none-eabi/7.2.1/../../../../arm-none-eabi/lib/thumb/v7e-m\libg_nano.a(lib_a-vsnprintf.o) (_svfprintf_r)
d:/imt/imt tools/sdk/imt_sdk_win_64/winarm/armgcc/bin/../lib/gcc/arm-none-eabi/7.2.1/../../../../arm-none-eabi/lib/thumb/v7e-m\libg_nano.a(lib_a-nano-vfprintf_i.o)
                              d:/imt/imt tools/sdk/imt_sdk_win_64/winarm/armgcc/bin/../lib/gcc/arm-none-eabi/7.2.1/../../../../arm-none-eabi/lib/thumb/v7e-m\libg_nano.a(lib_a-nano-svfprintf.o) (_printf_i)
d:/imt/imt tools/sdk/imt_sdk_win_64/winarm/armgcc/bin/../lib/gcc/arm-none-eabi/7.2.1/../../../../arm-none-eabi/lib/thumb/v7e-m\libg_nano.a(lib_a-memchr.o)
                              d:/imt/imt tools/sdk/imt_sdk_win_64/winarm/armgcc/bin/../lib/gcc/arm-none-eabi/7.2.1/../../../../arm-none-eabi/lib/thumb/v7e-m\libg_nano.a(lib_a-nano-svfprintf.o) (memchr)
d:/imt/imt tools/sdk/imt_sdk_win_64/winarm/armgcc/bin/../lib/gcc/arm-none-eabi/7.2.1/../../../../arm-none-eabi/lib/thumb/v7e-m\libg_nano.a(lib_a-memcpy-stub.o)
                              d:/imt/imt tools/sdk/imt_sdk_win_64/winarm/armgcc/bin/../lib/gcc/arm-none-eabi/7.2.1/../../../../arm-none-eabi/lib/thumb/v7e-m\libg_nano.a(lib_a-nano-svfprintf.o) (memcpy)
d:/imt/imt tools/sdk/imt_sdk_win_64/winarm/armgcc/bin/../lib/gcc/arm-none-eabi/7.2.1/../../../../arm-none-eabi/lib/thumb/v7e-m\libg_nano.a(lib_a-memmove.o)
                              d:/imt/imt tools/sdk/imt_sdk_win_64/winarm/armgcc/bin/../lib/gcc/arm-none-eabi/7.2.1/../../../../arm-none-eabi/lib/thumb/v7e-m\libg_nano.a(lib_a-nano-svfprintf.o) (memmove)
d:/imt/imt tools/sdk/imt_sdk_win_64/winarm/armgcc/bin/../lib/gcc/arm-none-eabi/7.2.1/../../../../arm-none-eabi/lib/thumb/v7e-m\libg_nano.a(lib_a-nano-freer.o)
                              d:/imt/imt tools/sdk/imt_sdk_win_64/winarm/armgcc/bin/../lib/gcc/arm-none-eabi/7.2.1/../../../../arm-none-eabi/lib/thumb/v7e-m\libg_nano.a(lib_a-nano-svfprintf.o) (_free_r)
d:/imt/imt tools/sdk/imt_sdk_win_64/winarm/armgcc/bin/../lib/gcc/arm-none-eabi/7.2.1/../../../../arm-none-eabi/lib/thumb/v7e-m\libg_nano.a(lib_a-nano-mallocr.o)
                              d:/imt/imt tools/sdk/imt_sdk_win_64/winarm/armgcc/bin/../lib/gcc/arm-none-eabi/7.2.1/../../../../arm-none-eabi/lib/thumb/v7e-m\libg_nano.a(lib_a-nano-svfprintf.o) (_malloc_r)
d:/imt/imt tools/sdk/imt_sdk_win_64/winarm/armgcc/bin/../lib/gcc/arm-none-eabi/7.2.1/../../../../arm-none-eabi/lib/thumb/v7e-m\libg_nano.a(lib_a-nano-reallocr.o)
[...]
Memory Configuration

Name             Origin             Length             Attributes
RAM              0x20000000         0x00010000         xrw
CCMRAM           0x10000000         0x00000000         xrw
FLASH            0x08000000         0x00040000         xr
FLASHB1          0x00000000         0x00000000         xr
EXTMEMB0         0x00000000         0x00000000         xr
EXTMEMB1         0x00000000         0x00000000         xr
EXTMEMB2         0x00000000         0x00000000         xr
EXTMEMB3         0x00000000         0x00000000         xr
*default*        0x00000000         0xffffffff

Linker script and memory map

LOAD ./system/src/stm32f4-hal/stm32f4xx_hal.o
LOAD ./system/src/stm32f4-hal/stm32f4xx_hal_cortex.o
LOAD ./system/src/stm32f4-hal/stm32f4xx_hal_dfsdm.o
LOAD ./system/src/stm32f4-hal/stm32f4xx_hal_flash.o
LOAD ./system/src/stm32f4-hal/stm32f4xx_hal_gpio.o
LOAD ./system/src/stm32f4-hal/stm32f4xx_hal_iwdg.o
LOAD ./system/src/stm32f4-hal/stm32f4xx_hal_pwr.o
LOAD ./system/src/stm32f4-hal/stm32f4xx_hal_rcc.o
LOAD ./system/src/newlib/_cxx.o
LOAD ./system/src/newlib/_exit.o
LOAD ./system/src/newlib/_sbrk.o
LOAD ./system/src/newlib/_startup.o
LOAD ./system/src/newlib/_syscalls.o
LOAD ./system/src/newlib/assert.o
LOAD ./system/src/diag/Trace.o
LOAD ./system/src/diag/trace_impl.o
LOAD ./system/src/cortexm/_initialize_hardware.o
LOAD ./system/src/cortexm/_reset_hardware.o
LOAD ./system/src/cortexm/exception_handlers.o
LOAD ./system/src/cmsis/system_stm32f4xx.o
LOAD ./system/src/cmsis/vectors_stm32f401xc.o
LOAD ./src/RTOS/RTOS_prg.o
LOAD ./src/MCAL/TIM2/TIM2_prg.o
LOAD ./src/MCAL/SYSTICK/SYSTICK_prg.o
LOAD ./src/MCAL/RCC/RCC_prg.o
LOAD ./src/MCAL/NVIC/NVIC_prg.h.o
LOAD ./src/MCAL/GPIO/GPIO_prg.o
LOAD ./src/MCAL/EXTI/EXTI_prg.o
LOAD ./src/HAL/ULTRASONIC/ULTRASONIC.o
LOAD ./src/HAL/LCD/LCD.o
LOAD ./src/_initialize_hardware.o
LOAD ./src/main.o
LOAD ./src/stm32f4xx_hal_msp.o
LOAD d:/imt/imt tools/sdk/imt_sdk_win_64/winarm/armgcc/bin/../lib/gcc/arm-none-eabi/7.2.1/../../../../arm-none-eabi/lib/thumb/v7e-m\libstdc++_nano.a
LOAD d:/imt/imt tools/sdk/imt_sdk_win_64/winarm/armgcc/bin/../lib/gcc/arm-none-eabi/7.2.1/../../../../arm-none-eabi/lib/thumb/v7e-m\libm.a
START GROUP
LOAD d:/imt/imt tools/sdk/imt_sdk_win_64/winarm/armgcc/bin/../lib/gcc/arm-none-eabi/7.2.1/thumb/v7e-m\libgcc.a
LOAD d:/imt/imt tools/sdk/imt_sdk_win_64/winarm/armgcc/bin/../lib/gcc/arm-none-eabi/7.2.1/../../../../arm-none-eabi/lib/thumb/v7e-m\libg_nano.a
LOAD d:/imt/imt tools/sdk/imt_sdk_win_64/winarm/armgcc/bin/../lib/gcc/arm-none-eabi/7.2.1/../../../../arm-none-eabi/lib/thumb/v7e-m\libc_nano.a
END GROUP
START GROUP
LOAD d:/imt/imt tools/sdk/imt_sdk_win_64/winarm/armgcc/bin/../lib/gcc/arm-none-eabi/7.2.1/thumb/v7e-m\libgcc.a
LOAD d:/imt/imt tools/sdk/imt_sdk_win_64/winarm/armgcc/bin/../lib/gcc/arm-none-eabi/7.2.1/../../../../arm-none-eabi/lib/thumb/v7e-m\libc_nano.a
END GROUP
                0x20010000                __stack = (ORIGIN (RAM) + LENGTH (RAM))
                0x20010000                _estack = __stack
                0x00000400                __Main_Stack_Size = 0x400
                [!provide]                PROVIDE (_Main_Stack_Size, __Main_Stack_Size)
                0x2000fc00                __Main_Stack_Limit = (__stack - __Main_Stack_Size)
                [!provide]                PROVIDE (_Main_Stack_Limit, __Main_Stack_Limit)
                0x00000100                _Minimum_Stack_Size = 0x100
                0x20000164                PROVIDE (_Heap_Begin, _end_noinit)
                0x2000fc00                PROVIDE (_Heap_Limit, (__stack - __Main_Stack_Size))

.isr_vector     0x08000000      0x3f4
 FILL mask 0xff
                0x08000000                __vectors_start = ABSOLUTE (.)
                0x08000000                __vectors_start__ = ABSOLUTE (.)
 *(.isr_vector)
 .isr_vector    0x08000000      0x194 ./system/src/cmsis/vectors_stm32f401xc.o
                0x08000000                __isr_vectors
 *(.cfmconfig)
 *(.after_vectors .after_vectors.*)
 .after_vectors
                0x08000194      0x130 ./system/src/newlib/_startup.o
                0x08000194                _start
 .after_vectors
                0x080002c4      0x12c ./system/src/cortexm/exception_handlers.o
                0x080002c4                Reset_Handler
                0x080002ca                NMI_Handler
                0x080002ce                HardFault_Handler
                0x080002e2                HardFault_Handler_C
                0x08000340                MemManage_Handler
                0x08000344                BusFault_Handler
                0x08000358                BusFault_Handler_C
                0x0800038c                UsageFault_Handler
                0x080003a0                UsageFault_Handler_C
                0x080003d4                SVC_Handler
                0x080003d8                DebugMon_Handler
                0x080003dc                PendSV_Handler
 .after_vectors
                0x080003f0        0x4 ./system/src/cmsis/vectors_stm32f401xc.o
                0x080003f0                RTC_Alarm_IRQHandler
                0x080003f0                SPI4_IRQHandler
                0x080003f0                TIM1_CC_IRQHandler
                0x080003f0                DMA2_Stream5_IRQHandler
                0x080003f0                DMA1_Stream5_IRQHandler
                0x080003f0                PVD_IRQHandler
                0x080003f0                SDIO_IRQHandler
                0x080003f0                TAMP_STAMP_IRQHandler
                0x080003f0                TIM1_UP_TIM10_IRQHandler
                0x080003f0                I2C3_ER_IRQHandler
                0x080003f0                I2C2_EV_IRQHandler
                0x080003f0                DMA1_Stream2_IRQHandler
                0x080003f0                FPU_IRQHandler
                0x080003f0                DMA2_Stream2_IRQHandler
                0x080003f0                SPI1_IRQHandler
                0x080003f0                TIM1_BRK_TIM9_IRQHandler
                0x080003f0                DMA2_Stream3_IRQHandler
                0x080003f0                USART6_IRQHandler
                0x080003f0                DMA2_Stream0_IRQHandler
                0x080003f0                TIM4_IRQHandler
                0x080003f0                I2C1_EV_IRQHandler
                0x080003f0                DMA1_Stream6_IRQHandler
                0x080003f0                DMA1_Stream1_IRQHandler
                0x080003f0                TIM3_IRQHandler
                0x080003f0                RCC_IRQHandler
                0x080003f0                Default_Handler
                0x080003f0                ADC_IRQHandler
                0x080003f0                DMA1_Stream7_IRQHandler
                0x080003f0                TIM5_IRQHandler
                0x080003f0                DMA2_Stream7_IRQHandler
                0x080003f0                I2C3_EV_IRQHandler
                0x080003f0                RTC_WKUP_IRQHandler
                0x080003f0                SPI2_IRQHandler
                0x080003f0                DMA1_Stream0_IRQHandler
                0x080003f0                WWDG_IRQHandler
                0x080003f0                OTG_FS_WKUP_IRQHandler
                0x080003f0                TIM1_TRG_COM_TIM11_IRQHandler
                0x080003f0                USART2_IRQHandler
                0x080003f0                I2C2_ER_IRQHandler
                0x080003f0                DMA2_Stream1_IRQHandler
                0x080003f0                FLASH_IRQHandler
                0x080003f0                DMA2_Stream4_IRQHandler
                0x080003f0                USART1_IRQHandler
                0x080003f0                OTG_FS_IRQHandler
                0x080003f0                SPI3_IRQHandler
                0x080003f0                DMA1_Stream4_IRQHandler
                0x080003f0                I2C1_ER_IRQHandler
                0x080003f0                DMA2_Stream6_IRQHandler
                0x080003f0                DMA1_Stream3_IRQHandler

.inits          0x080003f4       0x28
                0x080003f4                __data_regions_array_start = .
                0x080003f4        0x4 LONG 0x8001d04 LOADADDR (.data)
                0x080003f8        0x4 LONG 0x20000000 ADDR (.data)
                0x080003fc        0x4 LONG 0x20000074 (ADDR (.data) + SIZEOF (.data))
                0x08000400        0x4 LONG 0x8001d04 LOADADDR (.data_CCMRAM)
                0x08000404        0x4 LONG 0x10000000 ADDR (.data_CCMRAM)
                0x08000408        0x4 LONG 0x10000000 (ADDR (.data_CCMRAM) + SIZEOF (.data_CCMRAM))
                0x0800040c                __data_regions_array_end = .
                0x0800040c                __bss_regions_array_start = .
                0x0800040c        0x4 LONG 0x20000074 ADDR (.bss)
                0x08000410        0x4 LONG 0x20000164 (ADDR (.bss) + SIZEOF (.bss))
                0x08000414        0x4 LONG 0x10000000 ADDR (.bss_CCMRAM)
                0x08000418        0x4 LONG 0x10000000 (ADDR (.bss_CCMRAM) + SIZEOF (.bss_CCMRAM))
                0x0800041c                __bss_regions_array_end = .
 *(.init)
 *(.fini)
                0x0800041c                . = ALIGN (0x4)
                0x0800041c                PROVIDE (__preinit_array_start, .)
 *(.preinit_array_sysinit .preinit_array_sysinit.*)
 *(.preinit_array_platform .preinit_array_platform.*)
 *(.preinit_array .preinit_array.*)
                0x0800041c                PROVIDE (__preinit_array_end, .)
                0x0800041c                . = ALIGN (0x4)
                0x0800041c                PROVIDE (__init_array_start, .)
 *(SORT_BY_NAME(.init_array.*))
 *(.init_array)
                0x0800041c                PROVIDE (__init_array_end, .)
                0x0800041c                . = ALIGN (0x4)
                0x0800041c                PROVIDE (__fini_array_start, .)
 *(SORT_BY_NAME(.fini_array.*))
 *(.fini_array)
                0x0800041c                PROVIDE (__fini_array_end, .)

.flashtext
 *(.flashtext .flashtext.*)

.text           0x08000420     0x18e3
 *(.text .text.*)
 .text._exit    0x08000420        0x2 ./system/src/newlib/_exit.o
                0x08000420                _exit
 *fill*         0x08000422        0x2 
 .text._sbrk    0x08000424       0x44 ./system/src/newlib/_sbrk.o
                0x08000424                _sbrk
 .text.__initialize_args
                0x08000468       0x10 ./system/src/newlib/_syscalls.o
                0x08000468                __initialize_args
 .text.trace_printf
                0x08000478       0x30 ./system/src/diag/Trace.o
                0x08000478                trace_printf
 .text._trace_write_semihosting_debug
                0x080004a8       0x60 ./system/src/diag/trace_impl.o
 .text.trace_write
                0x08000508        0x8 ./system/src/diag/trace_impl.o
                0x08000508                trace_write
 .text.__initialize_hardware_early
                0x08000510       0x18 ./system/src/cortexm/_initialize_hardware.o
                0x08000510                __initialize_hardware_early
 .text.dumpExceptionStack
                0x08000528       0xf4 ./system/src/cortexm/exception_handlers.o
                0x08000528                dumpExceptionStack
 .text.isSemihosting
                0x0800061c       0x20 ./system/src/cortexm/exception_handlers.o
                0x0800061c                isSemihosting
 .text.SystemInit
                0x0800063c       0x40 ./system/src/cmsis/system_stm32f4xx.o
                0x0800063c                SystemInit
 .text.TIMER2_Set_PSC
                0x0800067c        0xa ./src/MCAL/TIM2/TIM2_prg.o
                0x0800067c                TIMER2_Set_PSC
 .text.TIMER2_Set_Auto_Reload
                0x08000686        0xa ./src/MCAL/TIM2/TIM2_prg.o
                0x08000686                TIMER2_Set_Auto_Reload
 .text.TIMER2_Start_Stop
                0x08000690       0x14 ./src/MCAL/TIM2/TIM2_prg.o
                0x08000690                TIMER2_Start_Stop
 .text.TIMER2_Set_Call_Back
                0x080006a4        0xc ./src/MCAL/TIM2/TIM2_prg.o
                0x080006a4                TIMER2_Set_Call_Back
 .text.TIMER2_ICU_Result
                0x080006b0        0x8 ./src/MCAL/TIM2/TIM2_prg.o
                0x080006b0                TIMER2_ICU_Result
 .text.TIMER2_ICU
                0x080006b8       0x3a ./src/MCAL/TIM2/TIM2_prg.o
                0x080006b8                TIMER2_ICU
 *fill*         0x080006f2        0x2 
 .text.TIM2_IRQHandler
                0x080006f4       0x38 ./src/MCAL/TIM2/TIM2_prg.o
                0x080006f4                TIM2_IRQHandler
 .text.TIMER2_Clear_Counter
                0x0800072c        0xa ./src/MCAL/TIM2/TIM2_prg.o
                0x0800072c                TIMER2_Clear_Counter
 .text.TIMER2_ICU_Edges
                0x08000736       0x16 ./src/MCAL/TIM2/TIM2_prg.o
                0x08000736                TIMER2_ICU_Edges
 .text.MSTK_vInit
                0x0800074c       0x20 ./src/MCAL/SYSTICK/SYSTICK_prg.o
                0x0800074c                MSTK_vInit
 .text.MSTK_vSetBusWait
                0x0800076c       0x34 ./src/MCAL/SYSTICK/SYSTICK_prg.o
                0x0800076c                MSTK_vSetBusWait
 .text.SysTick_Handler
                0x080007a0       0x3c ./src/MCAL/SYSTICK/SYSTICK_prg.o
                0x080007a0                SysTick_Handler
 .text.MRCC_vInit
                0x080007dc       0x4c ./src/MCAL/RCC/RCC_prg.o
                0x080007dc                MRCC_vInit
 .text.MRCC_vEnableClock
                0x08000828       0x50 ./src/MCAL/RCC/RCC_prg.o
                0x08000828                MRCC_vEnableClock
 .text.Nvic_En_Interrupt
                0x08000878       0x18 ./src/MCAL/NVIC/NVIC_prg.h.o
                0x08000878                Nvic_En_Interrupt
 .text.GPIO_SetPin_Direction
                0x08000890       0x78 ./src/MCAL/GPIO/GPIO_prg.o
                0x08000890                GPIO_SetPin_Direction
 .text.GPIO_SetOutput_Type
                0x08000908       0x74 ./src/MCAL/GPIO/GPIO_prg.o
                0x08000908                GPIO_SetOutput_Type
 .text.GPIO_SetOutput_Speed
                0x0800097c       0x78 ./src/MCAL/GPIO/GPIO_prg.o
                0x0800097c                GPIO_SetOutput_Speed
 .text.GPIO_SetPin_Value
                0x080009f4       0x74 ./src/MCAL/GPIO/GPIO_prg.o
                0x080009f4                GPIO_SetPin_Value
 .text.GPIO_LAlternate_Function
                0x08000a68       0x78 ./src/MCAL/GPIO/GPIO_prg.o
                0x08000a68                GPIO_LAlternate_Function
 .text.EXTI0_IRQHandler
                0x08000ae0       0x20 ./src/MCAL/EXTI/EXTI_prg.o
                0x08000ae0                EXTI0_IRQHandler
 .text.EXTI1_IRQHandler
                0x08000b00       0x20 ./src/MCAL/EXTI/EXTI_prg.o
                0x08000b00                EXTI1_IRQHandler
 .text.EXTI2_IRQHandler
                0x08000b20       0x20 ./src/MCAL/EXTI/EXTI_prg.o
                0x08000b20                EXTI2_IRQHandler
 .text.EXTI3_IRQHandler
                0x08000b40       0x20 ./src/MCAL/EXTI/EXTI_prg.o
                0x08000b40                EXTI3_IRQHandler
 .text.EXTI4_IRQHandler
                0x08000b60       0x20 ./src/MCAL/EXTI/EXTI_prg.o
                0x08000b60                EXTI4_IRQHandler
 .text.EXTI9_5_IRQHandler
                0x08000b80       0x40 ./src/MCAL/EXTI/EXTI_prg.o
                0x08000b80                EXTI9_5_IRQHandler
 .text.EXTI15_10_IRQHandler
                0x08000bc0       0x48 ./src/MCAL/EXTI/EXTI_prg.o
                0x08000bc0                EXTI15_10_IRQHandler
 .text.Ultrasonic_timer2
                0x08000c08       0x40 ./src/HAL/ULTRASONIC/ULTRASONIC.o
                0x08000c08                Ultrasonic_timer2
 .text.US_Get_Distance
                0x08000c48       0x2c ./src/HAL/ULTRASONIC/ULTRASONIC.o
                0x08000c48                US_Get_Distance
 .text.US_Set_Trigger
                0x08000c74       0x2a ./src/HAL/ULTRASONIC/ULTRASONIC.o
                0x08000c74                US_Set_Trigger
 *fill*         0x08000c9e        0x2 
 .text.US_Init  0x08000ca0       0x78 ./src/HAL/ULTRASONIC/ULTRASONIC.o
                0x08000ca0                US_Init
 .text.__initialize_hardware
                0x08000d18        0x2 ./src/_initialize_hardware.o
                0x08000d18                __initialize_hardware
 .text.main     0x08000d1a       0x82 ./src/main.o
                0x08000d1a                main
 .text          0x08000d9c      0x21c d:/imt/imt tools/sdk/imt_sdk_win_64/winarm/armgcc/bin/../lib/gcc/arm-none-eabi/7.2.1/thumb/v7e-m\libgcc.a(_arm_addsubsf3.o)
                0x08000d9c                __aeabi_frsub
                0x08000da4                __subsf3
                0x08000da4                __aeabi_fsub
                0x08000da8                __aeabi_fadd
                0x08000da8                __addsf3
                0x08000f08                __aeabi_ui2f
                0x08000f08                __floatunsisf
                0x08000f10                __aeabi_i2f
                0x08000f10                __floatsisf
                0x08000f2c                __aeabi_ul2f
                0x08000f2c                __floatundisf
                0x08000f3c                __aeabi_l2f
                0x08000f3c                __floatdisf
 .text          0x08000fb8      0x2a0 d:/imt/imt tools/sdk/imt_sdk_win_64/winarm/armgcc/bin/../lib/gcc/arm-none-eabi/7.2.1/thumb/v7e-m\libgcc.a(_arm_muldivsf3.o)
                0x08000fb8                __mulsf3
                0x08000fb8                __aeabi_fmul
                0x08001120                __aeabi_fdiv
                0x08001120                __divsf3
 .text          0x08001258       0x40 d:/imt/imt tools/sdk/imt_sdk_win_64/winarm/armgcc/bin/../lib/gcc/arm-none-eabi/7.2.1/thumb/v7e-m\libgcc.a(_arm_fixunssfsi.o)
                0x08001258                __fixunssfsi
                0x08001258                __aeabi_f2uiz
 .text.__errno  0x08001298        0xc d:/imt/imt tools/sdk/imt_sdk_win_64/winarm/armgcc/bin/../lib/gcc/arm-none-eabi/7.2.1/../../../../arm-none-eabi/lib/thumb/v7e-m\libg_nano.a(lib_a-errno.o)
                0x08001298                __errno
 .text._vsnprintf_r
                0x080012a4       0x58 d:/imt/imt tools/sdk/imt_sdk_win_64/winarm/armgcc/bin/../lib/gcc/arm-none-eabi/7.2.1/../../../../arm-none-eabi/lib/thumb/v7e-m\libg_nano.a(lib_a-vsnprintf.o)
                0x080012a4                _vsniprintf_r
                0x080012a4                _vsnprintf_r
 .text.vsnprintf
                0x080012fc       0x1c d:/imt/imt tools/sdk/imt_sdk_win_64/winarm/armgcc/bin/../lib/gcc/arm-none-eabi/7.2.1/../../../../arm-none-eabi/lib/thumb/v7e-m\libg_nano.a(lib_a-vsnprintf.o)
                0x080012fc                vsniprintf
                0x080012fc                vsnprintf
 .text.__ssputs_r
                0x08001318       0xb4 d:/imt/imt tools/sdk/imt_sdk_win_64/winarm/armgcc/bin/../lib/gcc/arm-none-eabi/7.2.1/../../../../arm-none-eabi/lib/thumb/v7e-m\libg_nano.a(lib_a-nano-svfprintf.o)
                0x08001318                __ssputs_r
 .text._svfprintf_r
                0x080013cc      0x1ec d:/imt/imt tools/sdk/imt_sdk_win_64/winarm/armgcc/bin/../lib/gcc/arm-none-eabi/7.2.1/../../../../arm-none-eabi/lib/thumb/v7e-m\libg_nano.a(lib_a-nano-svfprintf.o)
                0x080013cc                _svfiprintf_r
                0x080013cc                _svfprintf_r
 .text._printf_common
                0x080015b8       0xea d:/imt/imt tools/sdk/imt_sdk_win_64/winarm/armgcc/bin/../lib/gcc/arm-none-eabi/7.2.1/../../../../arm-none-eabi/lib/thumb/v7e-m\libg_nano.a(lib_a-nano-vfprintf_i.o)
                0x080015b8                _printf_common
 *fill*         0x080016a2        0x2 
 .text._printf_i
                0x080016a4      0x224 d:/imt/imt tools/sdk/imt_sdk_win_64/winarm/armgcc/bin/../lib/gcc/arm-none-eabi/7.2.1/../../../../arm-none-eabi/lib/thumb/v7e-m\libg_nano.a(lib_a-nano-vfprintf_i.o)
                0x080016a4                _printf_i
 *fill*         0x080018c8        0x8 
 .text          0x080018d0       0xa0 d:/imt/imt tools/sdk/imt_sdk_win_64/winarm/armgcc/bin/../lib/gcc/arm-none-eabi/7.2.1/../../../../arm-none-eabi/lib/thumb/v7e-m\libg_nano.a(lib_a-memchr.o)
                0x080018d0                memchr
 .text.memcpy   0x08001970       0x16 d:/imt/imt tools/sdk/imt_sdk_win_64/winarm/armgcc/bin/../lib/gcc/arm-none-eabi/7.2.1/../../../../arm-none-eabi/lib/thumb/v7e-m\libg_nano.a(lib_a-memcpy-stub.o)
                0x08001970                memcpy
 .text.memmove  0x08001986       0x32 d:/imt/imt tools/sdk/imt_sdk_win_64/winarm/armgcc/bin/../lib/gcc/arm-none-eabi/7.2.1/../../../../arm-none-eabi/lib/thumb/v7e-m\libg_nano.a(lib_a-memmove.o)
                0x08001986                memmove
 .text._free_r  0x080019b8       0x9c d:/imt/imt tools/sdk/imt_sdk_win_64/winarm/armgcc/bin/../lib/gcc/arm-none-eabi/7.2.1/../../../../arm-none-eabi/lib/thumb/v7e-m\libg_nano.a(lib_a-nano-freer.o)
                0x080019b8                _free_r
 .text._malloc_r
                0x08001a54       0xb4 d:/imt/imt tools/sdk/imt_sdk_win_64/winarm/armgcc/bin/../lib/gcc/arm-none-eabi/7.2.1/../../../../arm-none-eabi/lib/thumb/v7e-m\libg_nano.a(lib_a-nano-mallocr.o)
                0x08001a54                _malloc_r
 .text._realloc_r
                0x08001b08       0x4c d:/imt/imt tools/sdk/imt_sdk_win_64/winarm/armgcc/bin/../lib/gcc/arm-none-eabi/7.2.1/../../../../arm-none-eabi/lib/thumb/v7e-m\libg_nano.a(lib_a-nano-reallocr.o)
                0x08001b08                _realloc_r
 .text._sbrk_r  0x08001b54       0x20 d:/imt/imt tools/sdk/imt_sdk_win_64/winarm/armgcc/bin/../lib/gcc/arm-none-eabi/7.2.1/../../../../arm-none-eabi/lib/thumb/v7e-m\libg_nano.a(lib_a-sbrkr.o)
                0x08001b54                _sbrk_r
 .text.__malloc_lock
                0x08001b74        0x2 d:/imt/imt tools/sdk/imt_sdk_win_64/winarm/armgcc/bin/../lib/gcc/arm-none-eabi/7.2.1/../../../../arm-none-eabi/lib/thumb/v7e-m\libg_nano.a(lib_a-mlock.o)
                0x08001b74                __malloc_lock
 .text.__malloc_unlock
                0x08001b76        0x2 d:/imt/imt tools/sdk/imt_sdk_win_64/winarm/armgcc/bin/../lib/gcc/arm-none-eabi/7.2.1/../../../../arm-none-eabi/lib/thumb/v7e-m\libg_nano.a(lib_a-mlock.o)
                0x08001b76                __malloc_unlock
 .text._malloc_usable_size_r
                0x08001b78       0x10 d:/imt/imt tools/sdk/imt_sdk_win_64/winarm/armgcc/bin/../lib/gcc/arm-none-eabi/7.2.1/../../../../arm-none-eabi/lib/thumb/v7e-m\libg_nano.a(lib_a-nano-msizer.o)
                0x08001b78                _malloc_usable_size_r
 *(.rodata .rodata.* .constdata .constdata.*)
 .rodata.dumpExceptionStack.str1.4
                0x08001b88      0x11a ./system/src/cortexm/exception_handlers.o
 *fill*         0x08001ca2        0x2 
 .rodata.str1.4
                0x08001ca4       0x2c ./system/src/cortexm/exception_handlers.o
                                 0x2a (size before relaxing)
 .rodata._svfprintf_r.str1.1
                0x08001cd0       0x11 d:/imt/imt tools/sdk/imt_sdk_win_64/winarm/armgcc/bin/../lib/gcc/arm-none-eabi/7.2.1/../../../../arm-none-eabi/lib/thumb/v7e-m\libg_nano.a(lib_a-nano-svfprintf.o)
 .rodata._printf_i.str1.1
                0x08001ce1       0x22 d:/imt/imt tools/sdk/imt_sdk_win_64/winarm/armgcc/bin/../lib/gcc/arm-none-eabi/7.2.1/../../../../arm-none-eabi/lib/thumb/v7e-m\libg_nano.a(lib_a-nano-vfprintf_i.o)
 *(vtable)
 *(.eh_frame*)
 *(.glue_7)
 .glue_7        0x08001d03        0x0 linker stubs
 *(.glue_7t)
 .glue_7t       0x08001d03        0x0 linker stubs

.vfp11_veneer   0x08001d04        0x0
 .vfp11_veneer  0x08001d04        0x0 linker stubs

.v4_bx          0x08001d04        0x0
 .v4_bx         0x08001d04        0x0 linker stubs

.iplt           0x08001d04        0x0
 .iplt          0x08001d04        0x0 ./system/src/newlib/_exit.o

.rel.dyn        0x08001d04        0x0
 .rel.iplt      0x08001d04        0x0 ./system/src/newlib/_exit.o

.ARM.extab
 *(.ARM.extab* .gnu.linkonce.armextab.*)
                0x08001d04                . = ALIGN (0x4)
                0x08001d04                __exidx_start = .

.ARM.exidx
 *(.ARM.exidx* .gnu.linkonce.armexidx.*)
                0x08001d04                __exidx_end = .
                0x08001d04                . = ALIGN (0x4)
                0x08001d04                _etext = .
                0x08001d04                __etext = .

.data_CCMRAM    0x10000000        0x0 load address 0x08001d04
 FILL mask 0xff
 *(.data.CCMRAM .data.CCMRAM.*)
                0x10000000                . = ALIGN (0x4)
                0x08001d04                _sidata = LOADADDR (.data)

.data           0x20000000       0x74 load address 0x08001d04
 FILL mask 0xff
                0x20000000                _sdata = .
                0x20000000                __data_start__ = .
 *(.data_begin .data_begin.*)
 .data_begin    0x20000000        0x4 ./system/src/newlib/_startup.o
 *(.data .data.*)
 .data.argv.4310
                0x20000004        0x8 ./system/src/newlib/_syscalls.o
 .data._impure_ptr
                0x2000000c        0x4 d:/imt/imt tools/sdk/imt_sdk_win_64/winarm/armgcc/bin/../lib/gcc/arm-none-eabi/7.2.1/../../../../arm-none-eabi/lib/thumb/v7e-m\libg_nano.a(lib_a-impure.o)
                0x2000000c                _impure_ptr
 .data.impure_data
                0x20000010       0x60 d:/imt/imt tools/sdk/imt_sdk_win_64/winarm/armgcc/bin/../lib/gcc/arm-none-eabi/7.2.1/../../../../arm-none-eabi/lib/thumb/v7e-m\libg_nano.a(lib_a-impure.o)
 *(.data_end .data_end.*)
 .data_end      0x20000070        0x4 ./system/src/newlib/_startup.o
                0x20000074                . = ALIGN (0x4)
                0x20000074                _edata = .
                0x20000074                __data_end__ = .

.igot.plt       0x20000074        0x0 load address 0x08001d78
 .igot.plt      0x20000074        0x0 ./system/src/newlib/_exit.o

.bss_CCMRAM     0x10000000        0x0
 *(.bss.CCMRAM .bss.CCMRAM.*)

.bss            0x20000074       0xf0
                0x20000074                __bss_start__ = .
                0x20000074                _sbss = .
 *(.bss_begin .bss_begin.*)
 .bss_begin     0x20000074        0x4 ./system/src/newlib/_startup.o
 *(.bss .bss.*)
 .bss.current_heap_end.3961
                0x20000078        0x4 ./system/src/newlib/_sbrk.o
 .bss.name.4309
                0x2000007c        0x1 ./system/src/newlib/_syscalls.o
 *fill*         0x2000007d        0x3 
 .bss.buf.5205  0x20000080       0x80 ./system/src/diag/Trace.o
 .bss.TIMER2_Call_Back
                0x20000100        0x4 ./src/MCAL/TIM2/TIM2_prg.o
 .bss.SYSTICK_CallBack
                0x20000104        0x4 ./src/MCAL/SYSTICK/SYSTICK_prg.o
 .bss.EXTI_LINE0_CallBack
                0x20000108       0x1c ./src/MCAL/EXTI/EXTI_prg.o
 .bss.Counter_Value
                0x20000124       0x28 ./src/HAL/ULTRASONIC/ULTRASONIC.o
                0x20000124                Counter_Value
 .bss.state.3997
                0x2000014c        0x1 ./src/HAL/ULTRASONIC/ULTRASONIC.o
 *fill*         0x2000014d        0x3 
 .bss.__malloc_free_list
                0x20000150        0x4 d:/imt/imt tools/sdk/imt_sdk_win_64/winarm/armgcc/bin/../lib/gcc/arm-none-eabi/7.2.1/../../../../arm-none-eabi/lib/thumb/v7e-m\libg_nano.a(lib_a-nano-mallocr.o)
                0x20000150                __malloc_free_list
 .bss.__malloc_sbrk_start
                0x20000154        0x4 d:/imt/imt tools/sdk/imt_sdk_win_64/winarm/armgcc/bin/../lib/gcc/arm-none-eabi/7.2.1/../../../../arm-none-eabi/lib/thumb/v7e-m\libg_nano.a(lib_a-nano-mallocr.o)
                0x20000154                __malloc_sbrk_start
 *(COMMON)
 COMMON         0x20000158        0x4 ./system/src/newlib/_syscalls.o
                0x20000158                errno
 COMMON         0x2000015c        0x1 ./src/MCAL/SYSTICK/SYSTICK_prg.o
                0x2000015c                MSTK_u8_ModeOfInterval
 *(.bss_end .bss_end.*)
 *fill*         0x2000015d        0x3 
 .bss_end       0x20000160        0x4 ./system/src/newlib/_startup.o
                0x20000164                . = ALIGN (0x4)
                0x20000164                __bss_end__ = .
                0x20000164                _ebss = .

.noinit_CCMRAM
 *(.noinit.CCMRAM .noinit.CCMRAM.*)

.noinit         0x20000164        0x0
                0x20000164                _noinit = .
 *(.noinit .noinit.*)
                0x20000164                . = ALIGN (0x4)
                0x20000164                _end_noinit = .
                [!provide]                PROVIDE (end, _end_noinit)
                [!provide]                PROVIDE (_end, _end_noinit)
                [!provide]                PROVIDE (__end, _end_noinit)
                [!provide]                PROVIDE (__end__, _end_noinit)

._check_stack   0x20000164      0x100
                0x20000264                . = (. + _Minimum_Stack_Size)
 *fill*         0x20000164      0x100 

.b1text
 *(.b1text)
 *(.b1rodata)
 *(.b1rodata.*)

.eb0text
 *(.eb0text)
 *(.eb0rodata)
 *(.eb0rodata.*)

.eb1text
 *(.eb1text)
 *(.eb1rodata)
 *(.eb1rodata.*)

.eb2text
 *(.eb2text)
 *(.eb2rodata)
 *(.eb2rodata.*)

.eb3text
 *(.eb3text)
 *(.eb3rodata)
 *(.eb3rodata.*)

.stab
 *(.stab)

.stabstr
 *(.stabstr)

.stab.excl
 *(.stab.excl)

.stab.exclstr
 *(.stab.exclstr)

.stab.index
 *(.stab.index)

.stab.indexstr
 *(.stab.indexstr)

.comment        0x00000000       0x7e
 *(.comment)
 .comment       0x00000000       0x7e ./system/src/newlib/_exit.o
                                 0x7f (size before relaxing)
 .comment       0x0000007e       0x7f ./system/src/newlib/_sbrk.o
 .comment       0x0000007e       0x7f ./system/src/newlib/_startup.o
 .comment       0x0000007e       0x7f ./system/src/newlib/_syscalls.o
 .comment       0x0000007e       0x7f ./system/src/diag/Trace.o
 .comment       0x0000007e       0x7f ./system/src/diag/trace_impl.o
 .comment       0x0000007e       0x7f ./system/src/cortexm/_initialize_hardware.o
 .comment       0x0000007e       0x7f ./system/src/cortexm/exception_handlers.o
 .comment       0x0000007e       0x7f ./system/src/cmsis/system_stm32f4xx.o
 .comment       0x0000007e       0x7f ./system/src/cmsis/vectors_stm32f401xc.o
 .comment       0x0000007e       0x7f ./src/MCAL/TIM2/TIM2_prg.o
 .comment       0x0000007e       0x7f ./src/MCAL/SYSTICK/SYSTICK_prg.o
 .comment       0x0000007e       0x7f ./src/MCAL/RCC/RCC_prg.o
 .comment       0x0000007e       0x7f ./src/MCAL/NVIC/NVIC_prg.h.o
 .comment       0x0000007e       0x7f ./src/MCAL/GPIO/GPIO_prg.o
 .comment       0x0000007e       0x7f ./src/MCAL/EXTI/EXTI_prg.o
 .comment       0x0000007e       0x7f ./src/HAL/ULTRASONIC/ULTRASONIC.o
 .comment       0x0000007e       0x7f ./src/_initialize_hardware.o
 .comment       0x0000007e       0x7f ./src/main.o

.ARM.attributes
                0x00000000       0x31
 .ARM.attributes
                0x00000000       0x33 ./system/src/newlib/_exit.o
 .ARM.attributes
                0x00000033       0x33 ./system/src/newlib/_sbrk.o
 .ARM.attributes
                0x00000066       0x33 ./system/src/newlib/_startup.o
 .ARM.attributes
                0x00000099       0x33 ./system/src/newlib/_syscalls.o
 .ARM.attributes
                0x000000cc       0x33 ./system/src/diag/Trace.o
 .ARM.attributes
                0x000000ff       0x33 ./system/src/diag/trace_impl.o
 .ARM.attributes
                0x00000132       0x33 ./system/src/cortexm/_initialize_hardware.o
 .ARM.attributes
                0x00000165       0x33 ./system/src/cortexm/exception_handlers.o
 .ARM.attributes
                0x00000198       0x33 ./system/src/cmsis/system_stm32f4xx.o
 .ARM.attributes
                0x000001cb       0x33 ./system/src/cmsis/vectors_stm32f401xc.o
 .ARM.attributes
                0x000001fe       0x33 ./src/MCAL/TIM2/TIM2_prg.o
 .ARM.attributes
                0x00000231       0x33 ./src/MCAL/SYSTICK/SYSTICK_prg.o
 .ARM.attributes
                0x00000264       0x33 ./src/MCAL/RCC/RCC_prg.o
 .ARM.attributes
                0x00000297       0x33 ./src/MCAL/NVIC/NVIC_prg.h.o
 .ARM.attributes
                0x000002ca       0x33 ./src/MCAL/GPIO/GPIO_prg.o
 .ARM.attributes
                0x000002fd       0x33 ./src/MCAL/EXTI/EXTI_prg.o
 .ARM.attributes
                0x00000330       0x33 ./src/HAL/ULTRASONIC/ULTRASONIC.o
 .ARM.attributes
                0x00000363       0x33 ./src/_initialize_hardware.o
 .ARM.attributes
                0x00000396       0x33 ./src/main.o
 .ARM.attributes
                0x000003c9       0x1e d:/imt/imt tools/sdk/imt_sdk_win_64/winarm/armgcc/bin/../lib/gcc/arm-none-eabi/7.2.1/thumb/v7e-m\libgcc.a(_arm_addsubsf3.o)
 .ARM.attributes
                0x000003e7       0x1e d:/imt/imt tools/sdk/imt_sdk_win_64/winarm/armgcc/bin/../lib/gcc/arm-none-eabi/7.2.1/thumb/v7e-m\libgcc.a(_arm_muldivsf3.o)
 .ARM.attributes
                0x00000405       0x1e d:/imt/imt tools/sdk/imt_sdk_win_64/winarm/armgcc/bin/../lib/gcc/arm-none-eabi/7.2.1/thumb/v7e-m\libgcc.a(_arm_fixunssfsi.o)
 .ARM.attributes
                0x00000423       0x2e d:/imt/imt tools/sdk/imt_sdk_win_64/winarm/armgcc/bin/../lib/gcc/arm-none-eabi/7.2.1/../../../../arm-none-eabi/lib/thumb/v7e-m\libg_nano.a(lib_a-errno.o)
 .ARM.attributes
                0x00000451       0x2e d:/imt/imt tools/sdk/imt_sdk_win_64/winarm/armgcc/bin/../lib/gcc/arm-none-eabi/7.2.1/../../../../arm-none-eabi/lib/thumb/v7e-m\libg_nano.a(lib_a-impure.o)
 .ARM.attributes
                0x0000047f       0x2e d:/imt/imt tools/sdk/imt_sdk_win_64/winarm/armgcc/bin/../lib/gcc/arm-none-eabi/7.2.1/../../../../arm-none-eabi/lib/thumb/v7e-m\libg_nano.a(lib_a-vsnprintf.o)
 .ARM.attributes
                0x000004ad       0x2e d:/imt/imt tools/sdk/imt_sdk_win_64/winarm/armgcc/bin/../lib/gcc/arm-none-eabi/7.2.1/../../../../arm-none-eabi/lib/thumb/v7e-m\libg_nano.a(lib_a-nano-svfprintf.o)
 .ARM.attributes
                0x000004db       0x2e d:/imt/imt tools/sdk/imt_sdk_win_64/winarm/armgcc/bin/../lib/gcc/arm-none-eabi/7.2.1/../../../../arm-none-eabi/lib/thumb/v7e-m\libg_nano.a(lib_a-nano-vfprintf_i.o)
 .ARM.attributes
                0x00000509       0x1c d:/imt/imt tools/sdk/imt_sdk_win_64/winarm/armgcc/bin/../lib/gcc/arm-none-eabi/7.2.1/../../../../arm-none-eabi/lib/thumb/v7e-m\libg_nano.a(lib_a-memchr.o)
 .ARM.attributes
                0x00000525       0x2e d:/imt/imt tools/sdk/imt_sdk_win_64/winarm/armgcc/bin/../lib/gcc/arm-none-eabi/7.2.1/../../../../arm-none-eabi/lib/thumb/v7e-m\libg_nano.a(lib_a-memcpy-stub.o)
 .ARM.attributes
                0x00000553       0x2e d:/imt/imt tools/sdk/imt_sdk_win_64/winarm/armgcc/bin/../lib/gcc/arm-none-eabi/7.2.1/../../../../arm-none-eabi/lib/thumb/v7e-m\libg_nano.a(lib_a-memmove.o)
 .ARM.attributes
                0x00000581       0x2e d:/imt/imt tools/sdk/imt_sdk_win_64/winarm/armgcc/bin/../lib/gcc/arm-none-eabi/7.2.1/../../../../arm-none-eabi/lib/thumb/v7e-m\libg_nano.a(lib_a-nano-freer.o)
 .ARM.attributes
                0x000005af       0x2e d:/imt/imt tools/sdk/imt_sdk_win_64/winarm/armgcc/bin/../lib/gcc/arm-none-eabi/7.2.1/../../../../arm-none-eabi/lib/thumb/v7e-m\libg_nano.a(lib_a-nano-mallocr.o)
 .ARM.attributes
                0x000005dd       0x2e d:/imt/imt tools/sdk/imt_sdk_win_64/winarm/armgcc/bin/../lib/gcc/arm-none-eabi/7.2.1/../../../../arm-none-eabi/lib/thumb/v7e-m\libg_nano.a(lib_a-nano-reallocr.o)
 .ARM.attributes
                0x0000060b       0x2e d:/imt/imt tools/sdk/imt_sdk_win_64/winarm/armgcc/bin/../lib/gcc/arm-none-eabi/7.2.1/../../../../arm-none-eabi/lib/thumb/v7e-m\libg_nano.a(lib_a-sbrkr.o)
 .ARM.attributes
                0x00000639       0x2e d:/imt/imt tools/sdk/imt_sdk_win_64/winarm/armgcc/bin/../lib/gcc/arm-none-eabi/7.2.1/../../../../arm-none-eabi/lib/thumb/v7e-m\libg_nano.a(lib_a-mlock.o)
 .ARM.attributes
                0x00000667       0x2e d:/imt/imt tools/sdk/imt_sdk_win_64/winarm/armgcc/bin/../lib/gcc/arm-none-eabi/7.2.1/../../../../arm-none-eabi/lib/thumb/v7e-m\libg_nano.a(lib_a-nano-msizer.o)

.debug
 *(.debug)

.line
 *(.line)

.debug_srcinfo
 *(.debug_srcinfo)

.debug_sfnames
 *(.debug_sfnames)

.debug_aranges  0x00000000      0x540
 *(.debug_aranges)
 .debug_aranges
                0x00000000       0x28 ./system/src/newlib/_exit.o
 .debug_aranges
                0x00000028       0x20 ./system/src/newlib/_sbrk.o
 .debug_aranges
                0x00000048       0x40 ./system/src/newlib/_startup.o
 .debug_aranges
                0x00000088       0x30 ./system/src/newlib/_syscalls.o
 .debug_aranges
                0x000000b8       0x38 ./system/src/diag/Trace.o
 .debug_aranges
                0x000000f0       0x30 ./system/src/diag/trace_impl.o
 .debug_aranges
                0x00000120       0x28 ./system/src/cortexm/_initialize_hardware.o
 .debug_aranges
                0x00000148       0x90 ./system/src/cortexm/exception_handlers.o
 .debug_aranges
                0x000001d8       0x28 ./system/src/cmsis/system_stm32f4xx.o
 .debug_aranges
                0x00000200       0x20 ./system/src/cmsis/vectors_stm32f401xc.o
 .debug_aranges
                0x00000220       0x70 ./src/MCAL/TIM2/TIM2_prg.o
 .debug_aranges
                0x00000290       0x68 ./src/MCAL/SYSTICK/SYSTICK_prg.o
 .debug_aranges
                0x000002f8       0x30 ./src/MCAL/RCC/RCC_prg.o
 .debug_aranges
                0x00000328       0x60 ./src/MCAL/NVIC/NVIC_prg.h.o
 .debug_aranges
                0x00000388       0xb0 ./src/MCAL/GPIO/GPIO_prg.o
 .debug_aranges
                0x00000438       0x88 ./src/MCAL/EXTI/EXTI_prg.o
 .debug_aranges
                0x000004c0       0x40 ./src/HAL/ULTRASONIC/ULTRASONIC.o
 .debug_aranges
                0x00000500       0x20 ./src/_initialize_hardware.o
 .debug_aranges
                0x00000520       0x20 ./src/main.o

.debug_pubnames
 *(.debug_pubnames)

.debug_info     0x00000000     0x84fa
 *(.debug_info .gnu.linkonce.wi.*)
 .debug_info    0x00000000      0x956 ./system/src/newlib/_exit.o
 .debug_info    0x00000956      0x942 ./system/src/newlib/_sbrk.o
 .debug_info    0x00001298      0x4bf ./system/src/newlib/_startup.o
 .debug_info    0x00001757      0xa19 ./system/src/newlib/_syscalls.o
 .debug_info    0x00002170      0xb2a ./system/src/diag/Trace.o
 .debug_info    0x00002c9a      0xb6b ./system/src/diag/trace_impl.o
 .debug_info    0x00003805      0xade ./system/src/cortexm/_initialize_hardware.o
 .debug_info    0x000042e3     0x115a ./system/src/cortexm/exception_handlers.o
 .debug_info    0x0000543d      0xcfe ./system/src/cmsis/system_stm32f4xx.o
 .debug_info    0x0000613b       0xca ./system/src/cmsis/vectors_stm32f401xc.o
 .debug_info    0x00006205      0x361 ./src/MCAL/TIM2/TIM2_prg.o
 .debug_info    0x00006566      0x25e ./src/MCAL/SYSTICK/SYSTICK_prg.o
 .debug_info    0x000067c4      0x3e4 ./src/MCAL/RCC/RCC_prg.o
 .debug_info    0x00006ba8      0x587 ./src/MCAL/NVIC/NVIC_prg.h.o
 .debug_info    0x0000712f      0x6b2 ./src/MCAL/GPIO/GPIO_prg.o
 .debug_info    0x000077e1      0x3dd ./src/MCAL/EXTI/EXTI_prg.o
 .debug_info    0x00007bbe      0x624 ./src/HAL/ULTRASONIC/ULTRASONIC.o
 .debug_info    0x000081e2       0x3b ./src/_initialize_hardware.o
 .debug_info    0x0000821d      0x2dd ./src/main.o

.debug_abbrev   0x00000000     0x1f23
 *(.debug_abbrev)
 .debug_abbrev  0x00000000      0x1f3 ./system/src/newlib/_exit.o
 .debug_abbrev  0x000001f3      0x1fc ./system/src/newlib/_sbrk.o
 .debug_abbrev  0x000003ef      0x1cb ./system/src/newlib/_startup.o
 .debug_abbrev  0x000005ba      0x234 ./system/src/newlib/_syscalls.o
 .debug_abbrev  0x000007ee      0x276 ./system/src/diag/Trace.o
 .debug_abbrev  0x00000a64      0x2ef ./system/src/diag/trace_impl.o
 .debug_abbrev  0x00000d53      0x1de ./system/src/cortexm/_initialize_hardware.o
 .debug_abbrev  0x00000f31      0x32b ./system/src/cortexm/exception_handlers.o
 .debug_abbrev  0x0000125c      0x216 ./system/src/cmsis/system_stm32f4xx.o
 .debug_abbrev  0x00001472       0x9d ./system/src/cmsis/vectors_stm32f401xc.o
 .debug_abbrev  0x0000150f      0x154 ./src/MCAL/TIM2/TIM2_prg.o
 .debug_abbrev  0x00001663      0x189 ./src/MCAL/SYSTICK/SYSTICK_prg.o
 .debug_abbrev  0x000017ec       0xc7 ./src/MCAL/RCC/RCC_prg.o
 .debug_abbrev  0x000018b3      0x14e ./src/MCAL/NVIC/NVIC_prg.h.o
 .debug_abbrev  0x00001a01      0x15b ./src/MCAL/GPIO/GPIO_prg.o
 .debug_abbrev  0x00001b5c      0x14c ./src/MCAL/EXTI/EXTI_prg.o
 .debug_abbrev  0x00001ca8      0x162 ./src/HAL/ULTRASONIC/ULTRASONIC.o
 .debug_abbrev  0x00001e0a       0x2f ./src/_initialize_hardware.o
 .debug_abbrev  0x00001e39       0xea ./src/main.o

.debug_line     0x00000000     0x4b8a
 *(.debug_line)
 .debug_line    0x00000000      0x33f ./system/src/newlib/_exit.o
 .debug_line    0x0000033f      0x2f3 ./system/src/newlib/_sbrk.o
 .debug_line    0x00000632      0x3bb ./system/src/newlib/_startup.o
 .debug_line    0x000009ed      0x405 ./system/src/newlib/_syscalls.o
 .debug_line    0x00000df2      0x3bb ./system/src/diag/Trace.o
 .debug_line    0x000011ad      0xaaf ./system/src/diag/trace_impl.o
 .debug_line    0x00001c5c      0xa18 ./system/src/cortexm/_initialize_hardware.o
 .debug_line    0x00002674      0xb66 ./system/src/cortexm/exception_handlers.o
 .debug_line    0x000031da      0xa1e ./system/src/cmsis/system_stm32f4xx.o
 .debug_line    0x00003bf8       0xfe ./system/src/cmsis/vectors_stm32f401xc.o
 .debug_line    0x00003cf6      0x16e ./src/MCAL/TIM2/TIM2_prg.o
 .debug_line    0x00003e64      0x189 ./src/MCAL/SYSTICK/SYSTICK_prg.o
 .debug_line    0x00003fed       0xe9 ./src/MCAL/RCC/RCC_prg.o
 .debug_line    0x000040d6      0x161 ./src/MCAL/NVIC/NVIC_prg.h.o
 .debug_line    0x00004237      0x36c ./src/MCAL/GPIO/GPIO_prg.o
 .debug_line    0x000045a3      0x1fe ./src/MCAL/EXTI/EXTI_prg.o
 .debug_line    0x000047a1      0x220 ./src/HAL/ULTRASONIC/ULTRASONIC.o
 .debug_line    0x000049c1       0x4c ./src/_initialize_hardware.o
 .debug_line    0x00004a0d      0x17d ./src/main.o

.debug_frame    0x00000000      0xdd0
 *(.debug_frame)
 .debug_frame   0x00000000       0x38 ./system/src/newlib/_exit.o
 .debug_frame   0x00000038       0x28 ./system/src/newlib/_sbrk.o
 .debug_frame   0x00000060       0x7c ./system/src/newlib/_startup.o
 .debug_frame   0x000000dc       0x50 ./system/src/newlib/_syscalls.o
 .debug_frame   0x0000012c       0x94 ./system/src/diag/Trace.o
 .debug_frame   0x000001c0       0x64 ./system/src/diag/trace_impl.o
 .debug_frame   0x00000224       0x40 ./system/src/cortexm/_initialize_hardware.o
 .debug_frame   0x00000264      0x158 ./system/src/cortexm/exception_handlers.o
 .debug_frame   0x000003bc       0x30 ./system/src/cmsis/system_stm32f4xx.o
 .debug_frame   0x000003ec       0x20 ./system/src/cmsis/vectors_stm32f401xc.o
 .debug_frame   0x0000040c       0xc8 ./src/MCAL/TIM2/TIM2_prg.o
 .debug_frame   0x000004d4       0xb8 ./src/MCAL/SYSTICK/SYSTICK_prg.o
 .debug_frame   0x0000058c       0x40 ./src/MCAL/RCC/RCC_prg.o
 .debug_frame   0x000005cc       0xa0 ./src/MCAL/NVIC/NVIC_prg.h.o
 .debug_frame   0x0000066c      0x1f0 ./src/MCAL/GPIO/GPIO_prg.o
 .debug_frame   0x0000085c      0x13c ./src/MCAL/EXTI/EXTI_prg.o
 .debug_frame   0x00000998       0x80 ./src/HAL/ULTRASONIC/ULTRASONIC.o
 .debug_frame   0x00000a18       0x20 ./src/_initialize_hardware.o
 .debug_frame   0x00000a38       0x28 ./src/main.o
 .debug_frame   0x00000a60       0x4c d:/imt/imt tools/sdk/imt_sdk_win_64/winarm/armgcc/bin/../lib/gcc/arm-none-eabi/7.2.1/thumb/v7e-m\libgcc.a(_arm_addsubsf3.o)
 .debug_frame   0x00000aac       0x38 d:/imt/imt tools/sdk/imt_sdk_win_64/winarm/armgcc/bin/../lib/gcc/arm-none-eabi/7.2.1/thumb/v7e-m\libgcc.a(_arm_muldivsf3.o)
 .debug_frame   0x00000ae4       0x24 d:/imt/imt tools/sdk/imt_sdk_win_64/winarm/armgcc/bin/../lib/gcc/arm-none-eabi/7.2.1/thumb/v7e-m\libgcc.a(_arm_fixunssfsi.o)
 .debug_frame   0x00000b08       0x20 d:/imt/imt tools/sdk/imt_sdk_win_64/winarm/armgcc/bin/../lib/gcc/arm-none-eabi/7.2.1/../../../../arm-none-eabi/lib/thumb/v7e-m\libg_nano.a(lib_a-errno.o)
 .debug_frame   0x00000b28       0x4c d:/imt/imt tools/sdk/imt_sdk_win_64/winarm/armgcc/bin/../lib/gcc/arm-none-eabi/7.2.1/../../../../arm-none-eabi/lib/thumb/v7e-m\libg_nano.a(lib_a-vsnprintf.o)
 .debug_frame   0x00000b74       0x90 d:/imt/imt tools/sdk/imt_sdk_win_64/winarm/armgcc/bin/../lib/gcc/arm-none-eabi/7.2.1/../../../../arm-none-eabi/lib/thumb/v7e-m\libg_nano.a(lib_a-nano-svfprintf.o)
 .debug_frame   0x00000c04       0x60 d:/imt/imt tools/sdk/imt_sdk_win_64/winarm/armgcc/bin/../lib/gcc/arm-none-eabi/7.2.1/../../../../arm-none-eabi/lib/thumb/v7e-m\libg_nano.a(lib_a-nano-vfprintf_i.o)
 .debug_frame   0x00000c64       0x28 d:/imt/imt tools/sdk/imt_sdk_win_64/winarm/armgcc/bin/../lib/gcc/arm-none-eabi/7.2.1/../../../../arm-none-eabi/lib/thumb/v7e-m\libg_nano.a(lib_a-memcpy-stub.o)
 .debug_frame   0x00000c8c       0x28 d:/imt/imt tools/sdk/imt_sdk_win_64/winarm/armgcc/bin/../lib/gcc/arm-none-eabi/7.2.1/../../../../arm-none-eabi/lib/thumb/v7e-m\libg_nano.a(lib_a-memmove.o)
 .debug_frame   0x00000cb4       0x38 d:/imt/imt tools/sdk/imt_sdk_win_64/winarm/armgcc/bin/../lib/gcc/arm-none-eabi/7.2.1/../../../../arm-none-eabi/lib/thumb/v7e-m\libg_nano.a(lib_a-nano-freer.o)
 .debug_frame   0x00000cec       0x2c d:/imt/imt tools/sdk/imt_sdk_win_64/winarm/armgcc/bin/../lib/gcc/arm-none-eabi/7.2.1/../../../../arm-none-eabi/lib/thumb/v7e-m\libg_nano.a(lib_a-nano-mallocr.o)
 .debug_frame   0x00000d18       0x3c d:/imt/imt tools/sdk/imt_sdk_win_64/winarm/armgcc/bin/../lib/gcc/arm-none-eabi/7.2.1/../../../../arm-none-eabi/lib/thumb/v7e-m\libg_nano.a(lib_a-nano-reallocr.o)
 .debug_frame   0x00000d54       0x2c d:/imt/imt tools/sdk/imt_sdk_win_64/winarm/armgcc/bin/../lib/gcc/arm-none-eabi/7.2.1/../../../../arm-none-eabi/lib/thumb/v7e-m\libg_nano.a(lib_a-sbrkr.o)
 .debug_frame   0x00000d80       0x30 d:/imt/imt tools/sdk/imt_sdk_win_64/winarm/armgcc/bin/../lib/gcc/arm-none-eabi/7.2.1/../../../../arm-none-eabi/lib/thumb/v7e-m\libg_nano.a(lib_a-mlock.o)
 .debug_frame   0x00000db0       0x20 d:/imt/imt tools/sdk/imt_sdk_win_64/winarm/armgcc/bin/../lib/gcc/arm-none-eabi/7.2.1/../../../../arm-none-eabi/lib/thumb/v7e-m\libg_nano.a(lib_a-nano-msizer.o)

.debug_str      0x00000000    0x7413d
 *(.debug_str)
 .debug_str     0x00000000     0x7d11 ./system/src/newlib/_exit.o
                               0x7ee4 (size before relaxing)
 .debug_str     0x00007d11      0x4f5 ./system/src/newlib/_sbrk.o
                               0x7296 (size before relaxing)
 .debug_str     0x00008206      0xc23 ./system/src/newlib/_startup.o
                               0x6a37 (size before relaxing)
 .debug_str     0x00008e29      0xe8b ./system/src/newlib/_syscalls.o
                               0x8171 (size before relaxing)
 .debug_str     0x00009cb4      0x826 ./system/src/diag/Trace.o
                               0x865c (size before relaxing)
 .debug_str     0x0000a4da    0x67a2e ./system/src/diag/trace_impl.o
                              0x70982 (size before relaxing)
 .debug_str     0x00071f08       0xc4 ./system/src/cortexm/_initialize_hardware.o
                              0x6f714 (size before relaxing)
 .debug_str     0x00071fcc      0x1a6 ./system/src/cortexm/exception_handlers.o
                              0x70b0c (size before relaxing)
 .debug_str     0x00072172      0x164 ./system/src/cmsis/system_stm32f4xx.o
                              0x6f7f5 (size before relaxing)
 .debug_str     0x000722d6       0x59 ./system/src/cmsis/vectors_stm32f401xc.o
                               0x3874 (size before relaxing)
 .debug_str     0x0007232f      0x629 ./src/MCAL/TIM2/TIM2_prg.o
                               0x33f6 (size before relaxing)
 .debug_str     0x00072958      0x249 ./src/MCAL/SYSTICK/SYSTICK_prg.o
                               0x32b4 (size before relaxing)
 .debug_str     0x00072ba1      0x32e ./src/MCAL/RCC/RCC_prg.o
                               0x3481 (size before relaxing)
 .debug_str     0x00072ecf      0x5d5 ./src/MCAL/NVIC/NVIC_prg.h.o
                               0x36f2 (size before relaxing)
 .debug_str     0x000734a4      0x548 ./src/MCAL/GPIO/GPIO_prg.o
                               0x3616 (size before relaxing)
 .debug_str     0x000739ec      0x388 ./src/MCAL/EXTI/EXTI_prg.o
                               0x3464 (size before relaxing)
 .debug_str     0x00073d74      0x1e1 ./src/HAL/ULTRASONIC/ULTRASONIC.o
                               0x39e4 (size before relaxing)
 .debug_str     0x00073f55       0x1e ./src/_initialize_hardware.o
                               0x2d52 (size before relaxing)
 .debug_str     0x00073f73      0x1ca ./src/main.o
                               0x37d5 (size before relaxing)

.debug_loc      0x00000000     0x230a
 *(.debug_loc)
 .debug_loc     0x00000000       0x85 ./system/src/newlib/_sbrk.o
 .debug_loc     0x00000085      0x2cb ./system/src/newlib/_startup.o
 .debug_loc     0x00000350       0x63 ./system/src/newlib/_syscalls.o
 .debug_loc     0x000003b3       0xf6 ./system/src/diag/Trace.o
 .debug_loc     0x000004a9      0x121 ./system/src/diag/trace_impl.o
 .debug_loc     0x000005ca      0x291 ./system/src/cortexm/exception_handlers.o
 .debug_loc     0x0000085b      0x13e ./system/src/cmsis/system_stm32f4xx.o
 .debug_loc     0x00000999       0xba ./src/MCAL/TIM2/TIM2_prg.o
 .debug_loc     0x00000a53       0x8f ./src/MCAL/SYSTICK/SYSTICK_prg.o
 .debug_loc     0x00000ae2      0x1b0 ./src/MCAL/RCC/RCC_prg.o
 .debug_loc     0x00000c92      0x2c4 ./src/MCAL/NVIC/NVIC_prg.h.o
 .debug_loc     0x00000f56      0xfb9 ./src/MCAL/GPIO/GPIO_prg.o
 .debug_loc     0x00001f0f      0x2cb ./src/MCAL/EXTI/EXTI_prg.o
 .debug_loc     0x000021da      0x106 ./src/HAL/ULTRASONIC/ULTRASONIC.o
 .debug_loc     0x000022e0       0x2a ./src/main.o

.debug_macinfo
 *(.debug_macinfo)

.debug_weaknames
 *(.debug_weaknames)

.debug_funcnames
 *(.debug_funcnames)

.debug_typenames
 *(.debug_typenames)

.debug_varnames
 *(.debug_varnames)
OUTPUT(ICU_test.elf elf32-littlearm)

.debug_ranges   0x00000000      0x4a0
 .debug_ranges  0x00000000       0x18 ./system/src/newlib/_exit.o
 .debug_ranges  0x00000018       0x10 ./system/src/newlib/_sbrk.o
 .debug_ranges  0x00000028       0x90 ./system/src/newlib/_startup.o
 .debug_ranges  0x000000b8       0x20 ./system/src/newlib/_syscalls.o
 .debug_ranges  0x000000d8       0x28 ./system/src/diag/Trace.o
 .debug_ranges  0x00000100       0x50 ./system/src/diag/trace_impl.o
 .debug_ranges  0x00000150       0x18 ./system/src/cortexm/_initialize_hardware.o
 .debug_ranges  0x00000168       0x80 ./system/src/cortexm/exception_handlers.o
 .debug_ranges  0x000001e8       0x18 ./system/src/cmsis/system_stm32f4xx.o
 .debug_ranges  0x00000200       0x10 ./system/src/cmsis/vectors_stm32f401xc.o
 .debug_ranges  0x00000210       0x60 ./src/MCAL/TIM2/TIM2_prg.o
 .debug_ranges  0x00000270       0x58 ./src/MCAL/SYSTICK/SYSTICK_prg.o
 .debug_ranges  0x000002c8       0x20 ./src/MCAL/RCC/RCC_prg.o
 .debug_ranges  0x000002e8       0x50 ./src/MCAL/NVIC/NVIC_prg.h.o
 .debug_ranges  0x00000338       0xa0 ./src/MCAL/GPIO/GPIO_prg.o
 .debug_ranges  0x000003d8       0x78 ./src/MCAL/EXTI/EXTI_prg.o
 .debug_ranges  0x00000450       0x30 ./src/HAL/ULTRASONIC/ULTRASONIC.o
 .debug_ranges  0x00000480       0x10 ./src/_initialize_hardware.o
 .debug_ranges  0x00000490       0x10 ./src/main.o

.debug_macro    0x00000000     0x3879
 .debug_macro   0x00000000      0x1b4 ./system/src/newlib/_exit.o
 .debug_macro   0x000001b4      0x10e ./system/src/newlib/_exit.o
 .debug_macro   0x000002c2       0x8d ./system/src/newlib/_exit.o
 .debug_macro   0x0000034f       0x35 ./system/src/newlib/_exit.o
 .debug_macro   0x00000384      0x169 ./system/src/newlib/_sbrk.o
 .debug_macro   0x000004ed      0x174 ./system/src/newlib/_sbrk.o
 .debug_macro   0x00000661       0x10 ./system/src/newlib/_sbrk.o
 .debug_macro   0x00000671      0x23b ./system/src/newlib/_sbrk.o
 .debug_macro   0x000008ac      0x173 ./system/src/newlib/_startup.o
 .debug_macro   0x00000a1f      0xa72 ./system/src/newlib/_startup.o
 .debug_macro   0x00001491      0x217 ./system/src/newlib/_syscalls.o
 .debug_macro   0x000016a8       0x1c ./system/src/newlib/_syscalls.o
 .debug_macro   0x000016c4       0x10 ./system/src/newlib/_syscalls.o
 .debug_macro   0x000016d4       0x10 ./system/src/newlib/_syscalls.o
 .debug_macro   0x000016e4       0x10 ./system/src/newlib/_syscalls.o
 .debug_macro   0x000016f4       0x35 ./system/src/newlib/_syscalls.o
 .debug_macro   0x00001729      0x122 ./system/src/newlib/_syscalls.o
 .debug_macro   0x0000184b       0x88 ./system/src/newlib/_syscalls.o
 .debug_macro   0x000018d3       0x2b ./system/src/newlib/_syscalls.o
 .debug_macro   0x000018fe      0x118 ./system/src/newlib/_syscalls.o
 .debug_macro   0x00001a16      0x189 ./system/src/newlib/_syscalls.o
 .debug_macro   0x00001b9f       0x16 ./system/src/newlib/_syscalls.o
 .debug_macro   0x00001bb5      0x1fb ./system/src/diag/Trace.o
 .debug_macro   0x00001db0       0x4c ./system/src/diag/Trace.o
 .debug_macro   0x00001dfc       0x16 ./system/src/diag/Trace.o
 .debug_macro   0x00001e12      0x52a ./system/src/diag/trace_impl.o
 .debug_macro   0x0000233c       0x22 ./system/src/diag/trace_impl.o
 .debug_macro   0x0000235e      0x4ee ./system/src/cortexm/_initialize_hardware.o
 .debug_macro   0x0000284c      0x557 ./system/src/cortexm/exception_handlers.o
 .debug_macro   0x00002da3       0x3b ./system/src/cortexm/exception_handlers.o
 .debug_macro   0x00002dde      0x4ea ./system/src/cmsis/system_stm32f4xx.o
 .debug_macro   0x000032c8       0x34 ./system/src/cmsis/vectors_stm32f401xc.o
 .debug_macro   0x000032fc       0x3f ./src/MCAL/TIM2/TIM2_prg.o
 .debug_macro   0x0000333b       0x16 ./src/MCAL/TIM2/TIM2_prg.o
 .debug_macro   0x00003351       0x4c ./src/MCAL/TIM2/TIM2_prg.o
 .debug_macro   0x0000339d       0x3f ./src/MCAL/SYSTICK/SYSTICK_prg.o
 .debug_macro   0x000033dc       0x16 ./src/MCAL/SYSTICK/SYSTICK_prg.o
 .debug_macro   0x000033f2       0x3e ./src/MCAL/RCC/RCC_prg.o
 .debug_macro   0x00003430       0x22 ./src/MCAL/RCC/RCC_prg.o
 .debug_macro   0x00003452       0x16 ./src/MCAL/RCC/RCC_prg.o
 .debug_macro   0x00003468       0x4c ./src/MCAL/RCC/RCC_prg.o
 .debug_macro   0x000034b4       0x3e ./src/MCAL/NVIC/NVIC_prg.h.o
 .debug_macro   0x000034f2       0x28 ./src/MCAL/NVIC/NVIC_prg.h.o
 .debug_macro   0x0000351a       0x46 ./src/MCAL/NVIC/NVIC_prg.h.o
 .debug_macro   0x00003560       0x40 ./src/MCAL/NVIC/NVIC_prg.h.o
 .debug_macro   0x000035a0       0x3f ./src/MCAL/GPIO/GPIO_prg.o
 .debug_macro   0x000035df       0xfa ./src/MCAL/GPIO/GPIO_prg.o
 .debug_macro   0x000036d9       0x2e ./src/MCAL/GPIO/GPIO_prg.o
 .debug_macro   0x00003707       0x3f ./src/MCAL/EXTI/EXTI_prg.o
 .debug_macro   0x00003746       0x46 ./src/MCAL/EXTI/EXTI_prg.o
 .debug_macro   0x0000378c       0x22 ./src/MCAL/EXTI/EXTI_prg.o
 .debug_macro   0x000037ae       0x54 ./src/HAL/ULTRASONIC/ULTRASONIC.o
 .debug_macro   0x00003802       0x11 ./src/_initialize_hardware.o
 .debug_macro   0x00003813       0x66 ./src/main.o
